../Core/Src/main.c:108:5:main	8	static
../Core/Src/main.c:159:6:SystemClock_Config	88	static
../Core/Src/main.c:206:13:MX_ADC1_Init	24	static
../Core/Src/main.c:357:13:MX_I2C1_Init	8	static
../Core/Src/main.c:391:13:MX_TIM2_Init	64	static
../Core/Src/main.c:458:13:MX_TIM3_Init	64	static
../Core/Src/main.c:521:13:MX_USART2_UART_Init	8	static
../Core/Src/main.c:552:13:MX_DMA_Init	16	static
../Core/Src/main.c:570:13:MX_GPIO_Init	48	static
../Core/Src/main.c:673:2:__io_putchar	16	static
../Core/Src/main.c:686:6:Error_Handler	4	static,ignoring_inline_asm
