../Core/Src/main.c:90:5:main	8	static
../Core/Src/main.c:153:6:SystemClock_Config	88	static
../Core/Src/main.c:196:13:MX_I2C1_Init	8	static
../Core/Src/main.c:230:13:MX_TIM2_Init	64	static
../Core/Src/main.c:297:13:MX_TIM3_Init	64	static
../Core/Src/main.c:356:13:MX_USART1_UART_Init	8	static
../Core/Src/main.c:389:13:MX_USART2_UART_Init	8	static
../Core/Src/main.c:420:13:MX_DMA_Init	16	static
../Core/Src/main.c:441:13:MX_GPIO_Init	48	static
../Core/Src/main.c:519:6:HAL_GPIO_EXTI_Callback	16	static
../Core/Src/main.c:537:1:__io_putchar	16	static
../Core/Src/main.c:550:6:Error_Handler	4	static
