../Drivers/BMI088/src/bmi088_mma.c:666:8:bmi088_mma_init	24	static
../Drivers/BMI088/src/bmi088_mma.c:704:8:bmi088_mma_set_meas_conf	24	static
../Drivers/BMI088/src/bmi088_mma.c:767:8:bmi088_mma_get_data	32	static
../Drivers/BMI088/src/bmi088_mma.c:814:8:bmi088_mma_set_int_config	32	static
../Drivers/BMI088/src/bmi088_mma.c:886:8:bmi088_mma_configure_anymotion	40	static
../Drivers/BMI088/src/bmi088_mma.c:916:8:bmi088_mma_set_high_g_config	32	static
../Drivers/BMI088/src/bmi088_mma.c:963:8:bmi088_mma_get_high_g_config	32	static
../Drivers/BMI088/src/bmi088_mma.c:1007:8:bmi088_mma_set_low_g_config	40	static
../Drivers/BMI088/src/bmi088_mma.c:1044:8:bmi088_mma_get_low_g_config	40	static
../Drivers/BMI088/src/bmi088_mma.c:1081:8:bmi088_mma_set_orient_config	40	static
../Drivers/BMI088/src/bmi088_mma.c:1128:8:bmi088_mma_get_orient_config	40	static
../Drivers/BMI088/src/bmi088_mma.c:1169:8:bmi088_mma_set_no_motion_config	48	static
../Drivers/BMI088/src/bmi088_mma.c:1205:8:bmi088_mma_get_no_motion_config	48	static
../Drivers/BMI088/src/bmi088_mma.c:1241:8:bmi088_mma_get_orient_output	24	static
../Drivers/BMI088/src/bmi088_mma.c:1260:8:bmi088_mma_get_high_g_output	24	static
../Drivers/BMI088/src/bmi088_mma.c:1281:8:bmi088_mma_get_feat_int_status	24	static
../Drivers/BMI088/src/bmi088_mma.c:1306:8:bmi088_mma_get_remap_axes	24	static
../Drivers/BMI088/src/bmi088_mma.c:1337:8:bmi088_mma_set_remap_axes	24	static
../Drivers/BMI088/src/bmi088_mma.c:1379:8:bmi088_mma_get_version_config	64	static
../Drivers/BMI088/src/bmi088_mma.c:1429:8:bmi088_mma_perform_selftest	32	static
../Drivers/BMI088/src/bmi088_mma.c:1489:15:null_ptr_check	24	static
../Drivers/BMI088/src/bmi088_mma.c:1512:15:set_int_pin_config	32	static
../Drivers/BMI088/src/bmi088_mma.c:1574:15:set_accel_anymotion_int	32	static
../Drivers/BMI088/src/bmi088_mma.c:1636:15:set_accel_high_g_int	32	static
../Drivers/BMI088/src/bmi088_mma.c:1698:15:set_accel_low_g_int	32	static
../Drivers/BMI088/src/bmi088_mma.c:1760:15:set_accel_orient_int	32	static
../Drivers/BMI088/src/bmi088_mma.c:1822:15:set_accel_no_motion_int	32	static
../Drivers/BMI088/src/bmi088_mma.c:1884:15:set_accel_err_int	32	static
../Drivers/BMI088/src/bmi088_mma.c:1946:15:set_remap_axes	56	static
../Drivers/BMI088/src/bmi088_mma.c:2021:15:get_remap_axes	48	static
../Drivers/BMI088/src/bmi088_mma.c:2069:13:get_remapped_data	32	static
../Drivers/BMI088/src/bmi088_mma.c:2116:13:assign_remap_axis	32	static
../Drivers/BMI088/src/bmi088_mma.c:2159:13:receive_remap_axis	16	static
../Drivers/BMI088/src/bmi088_mma.c:2194:15:enable_self_test	24	static
../Drivers/BMI088/src/bmi088_mma.c:2228:15:positive_excited_accel	24	static
../Drivers/BMI088/src/bmi088_mma.c:2248:15:negative_excited_accel	24	static
../Drivers/BMI088/src/bmi088_mma.c:2275:15:validate_accel_self_test	32	static
../Drivers/BMI088/src/bmi088_mma.c:2314:13:convert_lsb_g	16	static
