../Drivers/BMI088/src/bmi08a.c:326:8:bmi08a_init	24	static
../Drivers/BMI088/src/bmi08a.c:371:8:bmi08a_load_config_file	24	static
../Drivers/BMI088/src/bmi08a.c:454:8:bmi08a_write_feature_config	64	dynamic
../Drivers/BMI088/src/bmi08a.c:490:8:bmi08a_get_regs	32	static
../Drivers/BMI088/src/bmi08a.c:522:8:bmi08a_set_regs	32	static
../Drivers/BMI088/src/bmi08a.c:569:8:bmi08a_get_error_status	24	static
../Drivers/BMI088/src/bmi08a.c:606:8:bmi08a_get_status	24	static
../Drivers/BMI088/src/bmi08a.c:637:8:bmi08a_soft_reset	24	static
../Drivers/BMI088/src/bmi08a.c:677:8:bmi08a_get_meas_conf	24	static
../Drivers/BMI088/src/bmi08a.c:705:8:bmi08a_set_meas_conf	24	static
../Drivers/BMI088/src/bmi08a.c:753:8:bmi08a_get_power_mode	24	static
../Drivers/BMI088/src/bmi08a.c:779:8:bmi08a_set_power_mode	24	static
../Drivers/BMI088/src/bmi08a.c:840:8:bmi08a_get_data	32	static
../Drivers/BMI088/src/bmi08a.c:887:8:bmi08a_set_int_config	24	static
../Drivers/BMI088/src/bmi08a.c:940:8:bmi08a_get_sensor_temperature	32	static
../Drivers/BMI088/src/bmi08a.c:989:8:bmi08a_get_sensor_time	40	static
../Drivers/BMI088/src/bmi08a.c:1025:8:bmi08a_set_fifo_config	24	static
../Drivers/BMI088/src/bmi08a.c:1070:8:bmi08a_get_fifo_config	24	static
../Drivers/BMI088/src/bmi08a.c:1110:8:bmi08a_read_fifo_data	32	static
../Drivers/BMI088/src/bmi08a.c:1183:8:bmi08a_get_fifo_length	24	static
../Drivers/BMI088/src/bmi08a.c:1217:8:bmi08a_get_fifo_wm	24	static
../Drivers/BMI088/src/bmi08a.c:1244:8:bmi08a_set_fifo_wm	24	static
../Drivers/BMI088/src/bmi08a.c:1274:8:bmi08a_extract_accel	32	static
../Drivers/BMI088/src/bmi08a.c:1310:8:bmi08a_get_fifo_down_sample	24	static
../Drivers/BMI088/src/bmi08a.c:1343:8:bmi08a_set_fifo_down_sample	24	static
../Drivers/BMI088/src/bmi08a.c:1371:8:bmi08a_configure_data_synchronization	24	static
../Drivers/BMI088/src/bmi08a.c:1432:8:bmi08a_get_synchronized_data	40	static
../Drivers/BMI088/src/bmi08a.c:1489:8:bmi08a_set_data_sync_int_config	24	static
../Drivers/BMI088/src/bmi08a.c:1522:8:bmi08a_get_data_int_status	24	static
../Drivers/BMI088/src/bmi08a.c:1557:15:null_ptr_check	24	static
../Drivers/BMI088/src/bmi08a.c:1578:15:get_regs	168	static
../Drivers/BMI088/src/bmi08a.c:1613:15:set_regs	40	static
../Drivers/BMI088/src/bmi08a.c:1639:15:set_int_pin_config	24	static
../Drivers/BMI088/src/bmi08a.c:1701:15:set_accel_data_ready_int	24	static
../Drivers/BMI088/src/bmi08a.c:1751:15:set_accel_sync_data_ready_int	24	static
../Drivers/BMI088/src/bmi08a.c:1802:15:set_accel_sync_input	24	static
../Drivers/BMI088/src/bmi08a.c:1820:15:stream_transfer_write	32	static
../Drivers/BMI088/src/bmi08a.c:1847:15:unpack_skipped_frame	24	static
../Drivers/BMI088/src/bmi08a.c:1880:13:reset_fifo_frame_structure	16	static
../Drivers/BMI088/src/bmi08a.c:1892:13:unpack_accel_data	32	static
../Drivers/BMI088/src/bmi08a.c:1924:15:unpack_accel_frame	32	static
../Drivers/BMI088/src/bmi08a.c:1977:15:move_next_frame	32	static
../Drivers/BMI088/src/bmi08a.c:2004:15:unpack_sensortime_frame	32	static
../Drivers/BMI088/src/bmi08a.c:2045:15:extract_acc_header_mode	40	static
../Drivers/BMI088/src/bmi08a.c:2139:15:set_fifo_wm_int	24	static
../Drivers/BMI088/src/bmi08a.c:2189:15:set_fifo_full_int	24	static
